// Jest Snapshot v1, https://goo.gl/fbAQLP

exports[`Pruebas en <CounterApp /> debe de mostrar <CounterApp /> correctamente 1`] = `
<Fragment>
  <h1>
    CounterApp
  </h1>
  <h2>
     
    10
     
  </h2>
  <button
    onClick={[Function]}
  >
    Sumar +1
  </button>
  <button
    onClick={[Function]}
  >
    Reset
  </button>
  <button
    onClick={[Function]}
  >
    Restar -1
  </button>
</Fragment>
`;
